---
source: src/generate.rs
expression: "fs::read_to_string(tree_res.join(\"Cargo.toml\"))"
---
Ok(
    "name = \"lib_name_changed\n",
)
