---
source: src/generate.rs
expression: "fs::read_to_string(tree_res.join(\"test.yaml\"))"
---
Ok(
    "secret = RAND_SECRET\n",
)
