---
source: src/controller/middleware/auth.rs
expression: "extract_token(&jwt_config, &parts)"
---
Ok(
    "query_token_value",
)
