---
source: src/auth/jwt.rs
expression: jwt.validate(&token)
---
Err(
    Error(
        ExpiredSignature,
    ),
)
