---
source: tests/requests/auth.rs
expression: ctx.mailer.unwrap().deliveries()
---
Deliveries {
    count: 2,
    messages: [
        "From: System <system@example.com>\r\nTo: test@loco.com\r\nSubject: Welcome loco\r\nMIME-Version: 1.0\r\nDate: DATE\r\nContent-Type: multipart/alternative;\r\n boundary=\"IDENTIFIER\"\r\n\r\n--IDENTIFIER\r\nContent-Type: text/plain; charset=utf-8\r\nContent-Transfer-Encoding: quoted-printable\r\n\r\nWelcome loco, you can now log in.\r\n  Verify your account with the link below:\r\n\r\n  http://http://localhost:5150/verify_email?token=3DRANDOM_IDNTIFIER--\r\n",
        "From: System <system@example.com>\r\nTo: test@loco.com\r\nSubject: Your reset password link\r\nMIME-Version: 1.0\r\nDate: DATE\r\nContent-Type: multipart/alternative;\r\n boundary=\"IDENTIFIER\"\r\n\r\n--IDENTIFIER\r\nContent-Type: text/plain; charset=utf-8\r\nContent-Transfer-Encoding: quoted-printable\r\n\r\nReset your password with this link:\r\n\r\nhttp://http://localhost:5150/reset?token=3DRANDOM_IDNTIFIER--\r\n",
    ],
}
