---
source: tests/requests/user.rs
expression: "(response.status_code(), response.text())"
---
(
    200,
    "{\"pid\":\"PID\",\"username\":\"loco\",\"email\":\"test@loco.com\"}",
)
