---
source: tests/requests/auth.rs
expression: saved_user
---
Ok(
    Model {
        created_at: DATE,
        updated_at: DATE,
        id: ID,
        email: "LOCO_USER@loco.com",
        password: "PASSWORD",
        api_key: ID,
        username: "LOCO_USER",
        reset_token: None,
        reset_sent_at: None,
        email_verification_token: Some(
            ID,
        ),
        email_verification_sent_at: Some(
            DATE,
        ),
        email_verified_at: None,
    },
)
