---
source: tests/requests/auth.rs
expression: "(response.status_code(), has_cookie)"
---
(
    200,
    true,
)
